I'm sorry, but errors were detected in your script. Please correct the
errors listed below, and try again.


File "game/script.rpy", line 175: Line is indented, but the preceding say statement statement does not expect a block. Please check this line's indentation. You may have forgotten a colon (:).
    scene bg boardinglifeboat
    ^

Ren'Py Version: Ren'Py 8.3.7.25031702
Sat Sep 27 23:16:34 2025
